### BTest baseline data generated by btest-diff. Do not edit. Use "btest -U/-u" to update. Requires BTest >= 0.63.
{"type": "data-message", "topic": "/test", "@data-type": "vector", "data": [{"@data-type": "integer", "data": -9223372036854775808}, {"@data-type": "integer", "data": 9223372036854775807}, {"@data-type": "count", "data": 0}, {"@data-type": "count", "data": 18446744073709551615}]}
